// Vitest Snapshot v1

exports[`draw circ > should works 1`] = `
[
  [
    0,
    3,
  ],
  [
    1,
    3,
  ],
  [
    2,
    2,
  ],
]
`;

exports[`draw circ > should works 2`] = `
[
  [
    [
      5,
      8,
    ],
    [
      6,
      8,
    ],
    [
      7,
      7,
    ],
  ],
  [
    [
      5,
      8,
    ],
    [
      4,
      8,
    ],
    [
      3,
      7,
    ],
  ],
  [
    [
      5,
      2,
    ],
    [
      6,
      2,
    ],
    [
      7,
      3,
    ],
  ],
  [
    [
      5,
      2,
    ],
    [
      4,
      2,
    ],
    [
      3,
      3,
    ],
  ],
  [
    [
      8,
      5,
    ],
    [
      8,
      6,
    ],
    [
      7,
      7,
    ],
  ],
  [
    [
      2,
      5,
    ],
    [
      2,
      6,
    ],
    [
      3,
      7,
    ],
  ],
  [
    [
      8,
      5,
    ],
    [
      8,
      4,
    ],
    [
      7,
      3,
    ],
  ],
  [
    [
      2,
      5,
    ],
    [
      2,
      4,
    ],
    [
      3,
      3,
    ],
  ],
]
`;
