// Vitest Snapshot v1

exports[`draw circ > should works 1`] = `
[
  [
    0,
    2,
  ],
  [
    1,
    2,
  ],
  [
    2,
    1,
  ],
  [
    3,
    0,
  ],
]
`;

exports[`draw circ > should works 2`] = `
[
  [
    [
      8,
      5,
    ],
    [
      8,
      6,
    ],
    [
      7,
      7,
    ],
    [
      6,
      7,
    ],
    [
      5,
      7,
    ],
  ],
  [
    [
      2,
      5,
    ],
    [
      2,
      6,
    ],
    [
      3,
      7,
    ],
    [
      4,
      7,
    ],
    [
      5,
      7,
    ],
  ],
  [
    [
      8,
      5,
    ],
    [
      8,
      4,
    ],
    [
      7,
      3,
    ],
    [
      6,
      3,
    ],
    [
      5,
      3,
    ],
  ],
  [
    [
      2,
      5,
    ],
    [
      2,
      4,
    ],
    [
      3,
      3,
    ],
    [
      4,
      3,
    ],
    [
      5,
      3,
    ],
  ],
]
`;
