// Vitest Snapshot v1

exports[`draw line > dda should works 1`] = `
[
  [
    3,
    3,
  ],
  [
    4,
    4,
  ],
  [
    4,
    5,
  ],
  [
    5,
    6,
  ],
  [
    5,
    7,
  ],
  [
    6,
    8,
  ],
  [
    7,
    9,
  ],
  [
    7,
    10,
  ],
  [
    8,
    11,
  ],
  [
    8,
    12,
  ],
  [
    9,
    13,
  ],
]
`;

exports[`draw line > dda should works 2`] = `
[
  [
    1,
    1,
  ],
  [
    2,
    2,
  ],
  [
    3,
    3,
  ],
  [
    4,
    3,
  ],
  [
    5,
    4,
  ],
  [
    6,
    5,
  ],
]
`;
